2021/01/29 11:24:54 [release] Leaf 1.1.2 starting up
2021/01/29 11:24:54 [release] db OnInit
2021/01/29 11:24:54 [release] game OnInit
2021/01/29 11:24:54 [debug  ] Lua load conf/xshare.lua finished
2021/01/29 11:24:54 [debug  ] KLuaCMD5: 8351fa0024c2ca3a04684d7b237de535
2021/01/29 11:24:54 [debug  ] KChannelString bk
2021/01/29 11:24:54 [error  ] Lua GetIntArray err: KHeroReturnBackConsumeVrmb
2021/01/29 11:24:54 [debug  ] KIFixMD5: 
2021/01/29 11:24:54 [debug  ] KRUZMD5: 
2021/01/29 11:24:54 [debug  ] Heartbeat timeout is 180
2021/01/29 11:24:54 [debug  ] game init handler
2021/01/29 11:24:54 [debug  ] 2 star total weight: 6
2021/01/29 11:24:54 [debug  ] 3 star total weight: 66
2021/01/29 11:24:54 [debug  ] 4 star total weight: 66
2021/01/29 11:24:54 [debug  ] 5 star total weight: 211
2021/01/29 11:24:54 [debug  ] 1 star total weight: 6
2021/01/29 11:24:54 [debug  ] ActivityMgr LoadAllActivity
2021/01/29 11:24:54 [debug  ] >>>>Start Loading DeviceUsers
2021/01/29 11:24:54 [debug  ] Start Load DeviceUsers
2021/01/29 11:24:54 [debug  ] End Load All DeviceUsers (Loaded:2727)
2021/01/29 11:24:54 [debug  ] >>>>Finish Loading DeviceUsers
2021/01/29 11:24:54 [debug  ] >>>>Start Loading Accounts
2021/01/29 11:24:54 [debug  ] Start Load Accounts
2021/01/29 11:24:54 [debug  ] End Load All Accounts (Loaded:2798)
2021/01/29 11:24:54 [debug  ] >>>>Finish Loading Accounts
2021/01/29 11:24:54 [debug  ] >>>>Start Loading InitPlayers
2021/01/29 11:24:54 [debug  ] Start Preload Players
2021/01/29 11:24:55 [debug  ] End Preload Player UseTime:1s
2021/01/29 11:24:55 [debug  ] Start Load All Players 2116
2021/01/29 11:26:50 [release] Leaf 1.1.2 starting up
2021/01/29 11:26:50 [release] db OnInit
2021/01/29 11:26:50 [release] game OnInit
2021/01/29 11:26:50 [debug  ] Lua load conf/xshare.lua finished
2021/01/29 11:26:50 [debug  ] KLuaCMD5: 8351fa0024c2ca3a04684d7b237de535
2021/01/29 11:26:50 [debug  ] KChannelString bk
2021/01/29 11:26:50 [error  ] Lua GetIntArray err: KHeroReturnBackConsumeVrmb
2021/01/29 11:26:50 [debug  ] KIFixMD5: 
2021/01/29 11:26:50 [debug  ] KRUZMD5: 
2021/01/29 11:26:50 [debug  ] Heartbeat timeout is 180
2021/01/29 11:26:50 [debug  ] game init handler
2021/01/29 11:26:50 [debug  ] 3 star total weight: 66
2021/01/29 11:26:50 [debug  ] 4 star total weight: 66
2021/01/29 11:26:50 [debug  ] 5 star total weight: 211
2021/01/29 11:26:50 [debug  ] 1 star total weight: 6
2021/01/29 11:26:50 [debug  ] 2 star total weight: 6
2021/01/29 11:26:50 [debug  ] ActivityMgr LoadAllActivity
2021/01/29 11:26:50 [debug  ] >>>>Start Loading DeviceUsers
2021/01/29 11:26:50 [debug  ] Start Load DeviceUsers
2021/01/29 11:26:51 [debug  ] End Load All DeviceUsers (Loaded:2727)
2021/01/29 11:26:51 [debug  ] >>>>Finish Loading DeviceUsers
2021/01/29 11:26:51 [debug  ] >>>>Start Loading Accounts
2021/01/29 11:26:51 [debug  ] Start Load Accounts
2021/01/29 11:26:51 [debug  ] End Load All Accounts (Loaded:2798)
2021/01/29 11:26:51 [debug  ] >>>>Finish Loading Accounts
2021/01/29 11:26:51 [debug  ] >>>>Start Loading InitPlayers
2021/01/29 11:26:51 [debug  ] Start Preload Players
2021/01/29 11:26:51 [debug  ] End Preload Player UseTime:0s
2021/01/29 11:26:51 [debug  ] Start Load All Players 2116
2021/01/29 11:27:22 [debug  ] 1000 Players Loaded UseTime:31s
2021/01/29 11:27:59 [debug  ] 2000 Players Loaded UseTime:68s
2021/01/29 11:28:02 [debug  ] End Load All Player (Loaded:2116) UseTime:71s
2021/01/29 11:28:02 [debug  ] >>>>Finish Loading InitPlayers
2021/01/29 11:28:02 [debug  ] >>>>Start Loading BanPlayers
2021/01/29 11:28:02 [debug  ] >>>>Finish Loading BanPlayers
2021/01/29 11:28:02 [debug  ] >>>>Start Loading LoadOrderNear
2021/01/29 11:28:02 [debug  ] Start Load Orders
2021/01/29 11:28:02 [debug  ] End Preload Order UseTime:0s
2021/01/29 11:28:02 [debug  ] >>>>Finish Loading LoadOrderNear
2021/01/29 11:28:02 [debug  ] >>>>Start Loading LoadAllGlobalMail
2021/01/29 11:28:02 [debug  ] >>>>Finish Loading LoadAllGlobalMail
2021/01/29 11:28:02 [debug  ] >>>>Start Loading LoadAllGiftCode
2021/01/29 11:28:02 [debug  ] >>>>Finish Loading LoadAllGiftCode
2021/01/29 11:28:02 [debug  ] >>>>Start Check PlayerData
2021/01/29 11:28:02 [debug  ] 1000 Players Data Checked:0s
2021/01/29 11:28:02 [debug  ] 2000 Players Data Checked:0s
2021/01/29 11:28:02 [debug  ] >>>>Finish Check PlayerData
2021/01/29 11:28:02 [debug  ] >>>>Start Init Rank Data
2021/01/29 11:28:02 [debug  ] >>>>Finish Init Rank Data
2021/01/29 11:28:02 [debug  ] LoadGuildAll: begin
2021/01/29 11:28:20 [debug  ] LoadGuildAll: end. num=21
2021/01/29 11:28:20 [debug  ] LoadGuildNotice: begin
2021/01/29 11:28:21 [debug  ] LoadGuildNotice: end. num=34
2021/01/29 11:28:21 [debug  ] Info, sort guild ,GuildRankTime:%!(EXTRA int64=12866210110000, string= rank num:, int32=21)
2021/01/29 11:28:21 [release] BokePayControllerOnInit
2021/01/29 11:28:21 [debug  ] ActivityMgr.InitRank: begin
2021/01/29 11:28:21 [debug  ] ActivityMgr.InitRank: end
2021/01/29 11:28:21 [debug  ] Next Daily Update Time: 2021-01-30 00:00:00 +0800 CST
2021/01/29 11:28:21 [debug  ] Next Weekly Update Time: 2021-02-01 00:00:00 +0800 CST
2021/01/29 11:28:21 [debug  ] Next Monthly Update Time: 2021-02-01 00:00:00 +0800 CST
2021/01/29 11:28:21 [release] gate OnInit
2021/01/29 11:28:21 [release] login OnInit
2021/01/29 11:28:21 [release] Create WSServer :17183
2021/01/29 11:28:21 [release] Create TCPServer :17173
2021/01/29 16:51:11 [release] Leaf 1.1.2 starting up
2021/01/29 16:51:11 [release] db OnInit
2021/01/29 16:51:11 [release] game OnInit
2021/01/29 16:51:11 [debug  ] Lua load conf/xshare.lua finished
2021/01/29 16:51:11 [debug  ] KLuaCMD5: 8351fa0024c2ca3a04684d7b237de535
2021/01/29 16:51:11 [debug  ] KChannelString bk
2021/01/29 16:51:11 [error  ] Lua GetIntArray err: KHeroReturnBackConsumeVrmb
2021/01/29 16:51:11 [debug  ] KIFixMD5: 
2021/01/29 16:51:11 [debug  ] KRUZMD5: 
2021/01/29 16:51:11 [debug  ] Heartbeat timeout is 180
2021/01/29 16:51:11 [debug  ] game init handler
2021/01/29 16:51:11 [debug  ] 4 star total weight: 66
2021/01/29 16:51:11 [debug  ] 5 star total weight: 211
2021/01/29 16:51:11 [debug  ] 1 star total weight: 6
2021/01/29 16:51:11 [debug  ] 2 star total weight: 6
2021/01/29 16:51:11 [debug  ] 3 star total weight: 66
2021/01/29 16:51:11 [debug  ] ActivityMgr LoadAllActivity
2021/01/29 16:51:11 [debug  ] >>>>Start Loading DeviceUsers
2021/01/29 16:51:11 [debug  ] Start Load DeviceUsers
2021/01/29 16:51:11 [debug  ] End Load All DeviceUsers (Loaded:2727)
2021/01/29 16:51:11 [debug  ] >>>>Finish Loading DeviceUsers
2021/01/29 16:51:11 [debug  ] >>>>Start Loading Accounts
2021/01/29 16:51:11 [debug  ] Start Load Accounts
2021/01/29 16:51:11 [debug  ] End Load All Accounts (Loaded:2798)
2021/01/29 16:51:11 [debug  ] >>>>Finish Loading Accounts
2021/01/29 16:51:11 [debug  ] >>>>Start Loading InitPlayers
2021/01/29 16:51:11 [debug  ] Start Preload Players
2021/01/29 16:51:12 [debug  ] End Preload Player UseTime:1s
2021/01/29 16:51:12 [debug  ] Start Load All Players 2116
2021/01/29 16:51:43 [debug  ] 1000 Players Loaded UseTime:31s
2021/01/29 16:52:19 [debug  ] 2000 Players Loaded UseTime:67s
2021/01/29 16:52:22 [debug  ] End Load All Player (Loaded:2116) UseTime:70s
2021/01/29 16:52:22 [debug  ] >>>>Finish Loading InitPlayers
2021/01/29 16:52:22 [debug  ] >>>>Start Loading BanPlayers
2021/01/29 16:52:22 [debug  ] >>>>Finish Loading BanPlayers
2021/01/29 16:52:22 [debug  ] >>>>Start Loading LoadOrderNear
2021/01/29 16:52:22 [debug  ] Start Load Orders
2021/01/29 16:52:23 [debug  ] End Preload Order UseTime:1s
2021/01/29 16:52:23 [debug  ] >>>>Finish Loading LoadOrderNear
2021/01/29 16:52:23 [debug  ] >>>>Start Loading LoadAllGlobalMail
2021/01/29 16:52:23 [debug  ] >>>>Finish Loading LoadAllGlobalMail
2021/01/29 16:52:23 [debug  ] >>>>Start Loading LoadAllGiftCode
2021/01/29 16:52:23 [debug  ] >>>>Finish Loading LoadAllGiftCode
2021/01/29 16:52:23 [debug  ] >>>>Start Check PlayerData
2021/01/29 16:52:23 [debug  ] 1000 Players Data Checked:0s
2021/01/29 16:52:23 [debug  ] 2000 Players Data Checked:0s
2021/01/29 16:52:23 [debug  ] >>>>Finish Check PlayerData
2021/01/29 16:52:23 [debug  ] >>>>Start Init Rank Data
2021/01/29 16:52:23 [debug  ] >>>>Finish Init Rank Data
2021/01/29 16:52:23 [debug  ] LoadGuildAll: begin
2021/01/29 16:52:31 [debug  ] LoadGuildAll: end. num=21
2021/01/29 16:52:31 [debug  ] LoadGuildNotice: begin
2021/01/29 16:52:32 [debug  ] LoadGuildNotice: end. num=34
2021/01/29 16:52:32 [debug  ] Info, sort guild ,GuildRankTime:%!(EXTRA int64=12868155290000, string= rank num:, int32=21)
2021/01/29 16:52:32 [release] BokePayControllerOnInit
2021/01/29 16:52:32 [debug  ] ActivityMgr.InitRank: begin
2021/01/29 16:52:32 [debug  ] ActivityMgr.InitRank: end
2021/01/29 16:52:32 [debug  ] Next Daily Update Time: 2021-01-30 00:00:00 +0800 CST
2021/01/29 16:52:32 [debug  ] Next Weekly Update Time: 2021-02-01 00:00:00 +0800 CST
2021/01/29 16:52:32 [debug  ] Next Monthly Update Time: 2021-02-01 00:00:00 +0800 CST
2021/01/29 16:52:32 [release] gate OnInit
2021/01/29 16:52:32 [release] login OnInit
2021/01/29 16:52:32 [release] Create WSServer :17183
2021/01/29 16:52:32 [release] Create TCPServer :17173
2021/01/29 16:57:32 [debug  ] Info, sort guild ,GuildRankTime:%!(EXTRA int64=12868185290000, string= rank num:, int32=21)
2021/01/29 16:57:32 [debug  ] Info, UpdateRank
2021/01/29 17:02:32 [debug  ] Info, sort guild ,GuildRankTime:%!(EXTRA int64=12868215290000, string= rank num:, int32=21)
2021/01/29 17:02:32 [debug  ] Info, UpdateRank
2021/01/29 17:07:32 [debug  ] Info, sort guild ,GuildRankTime:%!(EXTRA int64=12868245290000, string= rank num:, int32=21)
2021/01/29 17:07:32 [debug  ] Info, UpdateRank
2021/01/29 17:12:32 [debug  ] Info, sort guild ,GuildRankTime:%!(EXTRA int64=12868275290000, string= rank num:, int32=21)
2021/01/29 17:12:32 [debug  ] Info, UpdateRank
2021/01/29 17:12:36 [release] Leaf closing down (signal: interrupt)
2021/01/29 17:12:36 [release] login OnDestroy
2021/01/29 17:12:36 [release] gate OnDestroy
2021/01/29 17:12:36 [release] game OnDestroy
2021/01/29 17:12:36 [release] db OnDestroy
